Connecting to 127.0.0.1:55124...
Connected to server.
Connected as Player 1.
Enter your name:
Waiting for Player 2...
Both players connected. Starting game...




























































=== BOARD ===
Tokens: GREEN:4 WHITE:4 BLUE:4 BLACK:4 RED:4 GOLD:5

Nobles:
[0] 3 pts - Cost: BLUEx4 WHITEx4
[1] 3 pts - Cost: BLUEx3 REDx3 WHITEx3
[2] 3 pts - Cost: BLACKx3 BLUEx3 GREENx3

Level 1:
[1-0] PV:0 WHITE Cost: BLACKx1 BLUEx1 GREENx1 REDx1
[1-1] PV:0 BLUE Cost: BLACKx2 WHITEx1
[1-2] PV:0 BLUE Cost: BLACKx3
[1-3] PV:0 BLUE Cost: BLACKx2 GREENx2

Level 2:
[2-0] PV:2 BLUE Cost: BLUEx3 WHITEx5
[2-1] PV:1 WHITE Cost: BLUEx3 REDx3 WHITEx2
[2-2] PV:2 GREEN Cost: BLUEx5 GREENx3
[2-3] PV:1 WHITE Cost: BLACKx2 GREENx3 REDx2

Level 3:
[3-0] PV:3 WHITE Cost: BLACKx3 BLUEx3 GREENx3 REDx5
[3-1] PV:5 BLUE Cost: BLUEx3 WHITEx7
[3-2] PV:3 BLUE Cost: BLACKx5 GREENx3 REDx3 WHITEx3
[3-3] PV:4 RED Cost: BLUEx3 GREENx6 REDx3


=== Alice ===
Score: 0
Tokens: none
Bonuses: none

=== Bob ===
Score: 0
Tokens: none
Bonuses: none

YOUR TURN
Commands:
TAKE3 green blue red
TAKE2 red
BUY 1-0
BUYR 0
RESERVE 1-0
RESERVEDECK 1
RETURN red 1   (only when over token limit)
QUIT
